<html>
<body>
<pre>
<h1>礦ision Build Log</h1>
<h2>Tool Versions:</h2>
IDE-Version: μVision V5.16a
Copyright (C) 2015 ARM Ltd and ARM Germany GmbH. All rights reserved.
License Information: Alien Alien, Alien, LIC=EXJRA-1JEX2-VDVKA-1F4QS-3QT6Z-AB0WZ
 
Tool Versions:
Toolchain:       MDK-ARM Plus  Version: 5.25.2.0
Toolchain Path:  C:\Keil_v5\ARM\ARMCC\Bin
C Compiler:      Armcc.exe V5.06 update 6 (build 750)
Assembler:       Armasm.exe V5.06 update 6 (build 750)
Linker/Locator:  ArmLink.exe V5.06 update 6 (build 750)
Library Manager: ArmAr.exe V5.06 update 6 (build 750)
Hex Converter:   FromElf.exe V5.06 update 6 (build 750)
CPU DLL:         SARMCM3.DLL V5.25.2.0
Dialog DLL:      DARMSTM.DLL V1.68.0.0
Target DLL:      Segger\JL2CM3.dll V2.99.15.0
Dialog DLL:      DARMSTM.DLL V1.68.0.0
 
<h2>Project:</h2>
Y:\Alien\爱宠-ipet-icat-idog\宠物喂食器\软件\下位机\步进电机测试\motor\Project\stm32_prj.uvprojx
Project File Date:  03/13/2021

<h2>Output:</h2>
*** Using Compiler 'V5.06 update 6 (build 750)', folder: 'C:\Keil_v5\ARM\ARMCC\Bin'
Build target 'Target 1'
compiling main.c...
linking...
Program Size: Code=2432 RO-data=268 RW-data=48 ZI-data=1024  
FromELF: creating hex file...
"..\Output\power_ctrl.axf" - 0 Error(s), 0 Warning(s).

<h2>Collection of Component include folders:</h2>
  Y:\Alien\爱宠-ipet-icat-idog\宠物喂食器\软件\下位机\步进电机测试\motor\Project\RTE
  C:\Keil_v5\ARM\PACK\Keil\STM32F1xx_DFP\2.3.0\Device\Include

<h2>Collection of Component Files used:</h2>
Build Time Elapsed:  00:00:02
</pre>
</body>
</html>
