Component: ARM Compiler 5.06 update 6 (build 750) Tool: armlink [4d35ed]

==============================================================================

Section Cross References

    main.o(.text) refers to misc.o(.text) for NVIC_PriorityGroupConfig
    main.o(.text) refers to usart.o(.text) for uart1_init
    main.o(.text) refers to bsp_motor.o(.text) for Motor_GPIO_Config
    main.o(.text) refers to bsp_motor0.o(.text) for Motor0_GPIO_Config
    main.o(.text) refers to mcu_api.o(.text) for wifi_protocol_init
    system_stm32f10x.o(.text) refers to system_stm32f10x.o(.data) for .data
    bsp_systick.o(.text) refers to system_stm32f10x.o(.data) for SystemCoreClock
    system.o(.text) refers to mcu_api.o(.text) for my_memcpy
    system.o(.text) refers to protocol.o(.text) for uart_transmit_output
    system.o(.text) refers to system.o(.bss) for .bss
    system.o(.text) refers to system.o(.data) for .data
    system.o(.text) refers to protocol.o(.constdata) for download_cmd
    bsp_led.o(.text) refers to stm32f10x_rcc.o(.text) for RCC_APB2PeriphClockCmd
    bsp_led.o(.text) refers to stm32f10x_gpio.o(.text) for GPIO_Init
    bsp_motor.o(.text) refers to stm32f10x_rcc.o(.text) for RCC_APB2PeriphClockCmd
    bsp_motor.o(.text) refers to stm32f10x_gpio.o(.text) for GPIO_Init
    bsp_motor.o(.text) refers to bsp_systick.o(.text) for SysTick_Delay_Us
    bsp_motor.o(.text) refers to bsp_motor0.o(.text) for FanBlade
    bsp_motor.o(.text) refers to bsp_motor.o(.data) for .data
    mcu_api.o(.text) refers to system.o(.text) for set_wifi_uart_byte
    mcu_api.o(.text) refers to system.o(.data) for stop_update_flag
    mcu_api.o(.text) refers to system.o(.data) for rx_buf_out
    mcu_api.o(.text) refers to system.o(.bss) for wifi_uart_rx_buf
    mcu_api.o(.text) refers to mcu_api.o(.data) for .data
    protocol.o(.text) refers to usart.o(.text) for UART2SendByte
    protocol.o(.text) refers to mcu_api.o(.text) for mcu_get_dp_download_value
    protocol.o(.text) refers to bsp_motor.o(.text) for QuickFeed
    bsp_motor0.o(.text) refers to stm32f10x_rcc.o(.text) for RCC_APB2PeriphClockCmd
    bsp_motor0.o(.text) refers to stm32f10x_gpio.o(.text) for GPIO_Init
    bsp_motor0.o(.text) refers to bsp_systick.o(.text) for SysTick_Delay_Us
    bsp_motor0.o(.text) refers to bsp_motor0.o(.data) for .data
    startup_stm32f10x_md.o(RESET) refers to startup_stm32f10x_md.o(STACK) for __initial_sp
    startup_stm32f10x_md.o(RESET) refers to startup_stm32f10x_md.o(.text) for Reset_Handler
    startup_stm32f10x_md.o(RESET) refers to stm32f10x_it.o(.text) for NMI_Handler
    startup_stm32f10x_md.o(RESET) refers to usart.o(.text) for USART1_IRQHandler
    startup_stm32f10x_md.o(.text) refers to entry.o(.ARM.Collect$$$$00000000) for __main
    usart.o(.text) refers to stm32f10x_rcc.o(.text) for RCC_APB2PeriphClockCmd
    usart.o(.text) refers to stm32f10x_gpio.o(.text) for GPIO_Init
    usart.o(.text) refers to stm32f10x_usart.o(.text) for USART_Init
    usart.o(.text) refers to misc.o(.text) for NVIC_Init
    usart.o(.text) refers to mcu_api.o(.text) for uart_receive_input
    usart.o(.text) refers to usart.o(.data) for .data
    usart.o(.text) refers to usart.o(.bss) for .bss
    stm32f10x_adc.o(.text) refers to stm32f10x_rcc.o(.text) for RCC_APB2PeriphResetCmd
    stm32f10x_bkp.o(.text) refers to stm32f10x_rcc.o(.text) for RCC_BackupResetCmd
    stm32f10x_can.o(.text) refers to stm32f10x_rcc.o(.text) for RCC_APB1PeriphResetCmd
    stm32f10x_cec.o(.text) refers to stm32f10x_rcc.o(.text) for RCC_APB1PeriphResetCmd
    stm32f10x_dac.o(.text) refers to stm32f10x_rcc.o(.text) for RCC_APB1PeriphResetCmd
    stm32f10x_gpio.o(.text) refers to stm32f10x_rcc.o(.text) for RCC_APB2PeriphResetCmd
    stm32f10x_i2c.o(.text) refers to stm32f10x_rcc.o(.text) for RCC_APB1PeriphResetCmd
    stm32f10x_pwr.o(.text) refers to stm32f10x_rcc.o(.text) for RCC_APB1PeriphResetCmd
    stm32f10x_rcc.o(.text) refers to stm32f10x_rcc.o(.data) for .data
    stm32f10x_spi.o(.text) refers to stm32f10x_rcc.o(.text) for RCC_APB2PeriphResetCmd
    stm32f10x_tim.o(.text) refers to stm32f10x_rcc.o(.text) for RCC_APB1PeriphResetCmd
    stm32f10x_usart.o(.text) refers to stm32f10x_rcc.o(.text) for RCC_APB2PeriphResetCmd
    stm32f10x_wwdg.o(.text) refers to stm32f10x_rcc.o(.text) for RCC_APB1PeriphResetCmd
    entry.o(.ARM.Collect$$$$00000000) refers (Special) to entry10a.o(.ARM.Collect$$$$0000000D) for __rt_final_cpp
    entry.o(.ARM.Collect$$$$00000000) refers (Special) to entry11a.o(.ARM.Collect$$$$0000000F) for __rt_final_exit
    entry.o(.ARM.Collect$$$$00000000) refers (Special) to entry7b.o(.ARM.Collect$$$$00000008) for _main_clock
    entry.o(.ARM.Collect$$$$00000000) refers (Special) to entry8b.o(.ARM.Collect$$$$0000000A) for _main_cpp_init
    entry.o(.ARM.Collect$$$$00000000) refers (Special) to entry9a.o(.ARM.Collect$$$$0000000B) for _main_init
    entry.o(.ARM.Collect$$$$00000000) refers (Special) to entry5.o(.ARM.Collect$$$$00000004) for _main_scatterload
    entry.o(.ARM.Collect$$$$00000000) refers (Special) to entry2.o(.ARM.Collect$$$$00000001) for _main_stk
    entry2.o(.ARM.Collect$$$$00000001) refers to entry2.o(.ARM.Collect$$$$00002712) for __lit__00000000
    entry2.o(.ARM.Collect$$$$00002712) refers to startup_stm32f10x_md.o(STACK) for __initial_sp
    entry2.o(__vectab_stack_and_reset_area) refers to startup_stm32f10x_md.o(STACK) for __initial_sp
    entry2.o(__vectab_stack_and_reset_area) refers to entry.o(.ARM.Collect$$$$00000000) for __main
    entry5.o(.ARM.Collect$$$$00000004) refers to init.o(.text) for __scatterload
    entry9a.o(.ARM.Collect$$$$0000000B) refers to main.o(.text) for main
    entry9b.o(.ARM.Collect$$$$0000000C) refers to main.o(.text) for main
    init.o(.text) refers to entry5.o(.ARM.Collect$$$$00000004) for __main_after_scatterload


==============================================================================

Removing Unused input sections from the image.

    Removing sys.o(.emb_text), (6 bytes).
    Removing sys.o(.text), (12 bytes).
    Removing system_stm32f10x.o(.text), (344 bytes).
    Removing bsp_led.o(.text), (76 bytes).
    Removing core_cm3.o(.emb_text), (32 bytes).
    Removing startup_stm32f10x_md.o(HEAP), (0 bytes).
    Removing usart.o(.data), (4 bytes).
    Removing stm32f10x_adc.o(.text), (816 bytes).
    Removing stm32f10x_bkp.o(.text), (152 bytes).
    Removing stm32f10x_can.o(.text), (1800 bytes).
    Removing stm32f10x_cec.o(.text), (248 bytes).
    Removing stm32f10x_crc.o(.text), (64 bytes).
    Removing stm32f10x_dac.o(.text), (252 bytes).
    Removing stm32f10x_dbgmcu.o(.text), (40 bytes).
    Removing stm32f10x_dma.o(.text), (456 bytes).
    Removing stm32f10x_exti.o(.text), (232 bytes).
    Removing stm32f10x_flash.o(.text), (1152 bytes).
    Removing stm32f10x_fsmc.o(.text), (1148 bytes).
    Removing stm32f10x_i2c.o(.text), (808 bytes).
    Removing stm32f10x_iwdg.o(.text), (60 bytes).
    Removing stm32f10x_pwr.o(.text), (172 bytes).
    Removing stm32f10x_rtc.o(.text), (272 bytes).
    Removing stm32f10x_sdio.o(.text), (428 bytes).
    Removing stm32f10x_spi.o(.text), (628 bytes).
    Removing stm32f10x_tim.o(.text), (2800 bytes).
    Removing stm32f10x_wwdg.o(.text), (124 bytes).

26 unused section(s) (total 12126 bytes) removed from the image.

==============================================================================

Image Symbol Table

    Local Symbols

    Symbol Name                              Value     Ov Type        Size  Object(Section)

    ../clib/microlib/init/entry.s            0x00000000   Number         0  entry7b.o ABSOLUTE
    ../clib/microlib/init/entry.s            0x00000000   Number         0  entry11b.o ABSOLUTE
    ../clib/microlib/init/entry.s            0x00000000   Number         0  entry7a.o ABSOLUTE
    ../clib/microlib/init/entry.s            0x00000000   Number         0  entry5.o ABSOLUTE
    ../clib/microlib/init/entry.s            0x00000000   Number         0  entry9b.o ABSOLUTE
    ../clib/microlib/init/entry.s            0x00000000   Number         0  entry8a.o ABSOLUTE
    ../clib/microlib/init/entry.s            0x00000000   Number         0  entry2.o ABSOLUTE
    ../clib/microlib/init/entry.s            0x00000000   Number         0  entry.o ABSOLUTE
    ../clib/microlib/init/entry.s            0x00000000   Number         0  entry8b.o ABSOLUTE
    ../clib/microlib/init/entry.s            0x00000000   Number         0  entry9a.o ABSOLUTE
    ../clib/microlib/init/entry.s            0x00000000   Number         0  entry10a.o ABSOLUTE
    ../clib/microlib/init/entry.s            0x00000000   Number         0  entry10b.o ABSOLUTE
    ../clib/microlib/init/entry.s            0x00000000   Number         0  entry11a.o ABSOLUTE
    ../clib/microlib/stubs.s                 0x00000000   Number         0  useno.o ABSOLUTE
    CORE\\core_cm3.c                         0x00000000   Number         0  core_cm3.o ABSOLUTE
    CORE\core_cm3.c                          0x00000000   Number         0  core_cm3.o ABSOLUTE
    CORE\startup_stm32f10x_md.s              0x00000000   Number         0  startup_stm32f10x_md.o ABSOLUTE
    Hardware\led\bsp_led.c                   0x00000000   Number         0  bsp_led.o ABSOLUTE
    Hardware\motor\bsp_motor.c               0x00000000   Number         0  bsp_motor.o ABSOLUTE
    Hardware\motor\bsp_motor0.c              0x00000000   Number         0  bsp_motor0.o ABSOLUTE
    Hardware\tuya\mcu_api.c                  0x00000000   Number         0  mcu_api.o ABSOLUTE
    Hardware\tuya\protocol.c                 0x00000000   Number         0  protocol.o ABSOLUTE
    Libraries\src\misc.c                     0x00000000   Number         0  misc.o ABSOLUTE
    Libraries\src\stm32f10x_adc.c            0x00000000   Number         0  stm32f10x_adc.o ABSOLUTE
    Libraries\src\stm32f10x_bkp.c            0x00000000   Number         0  stm32f10x_bkp.o ABSOLUTE
    Libraries\src\stm32f10x_can.c            0x00000000   Number         0  stm32f10x_can.o ABSOLUTE
    Libraries\src\stm32f10x_cec.c            0x00000000   Number         0  stm32f10x_cec.o ABSOLUTE
    Libraries\src\stm32f10x_crc.c            0x00000000   Number         0  stm32f10x_crc.o ABSOLUTE
    Libraries\src\stm32f10x_dac.c            0x00000000   Number         0  stm32f10x_dac.o ABSOLUTE
    Libraries\src\stm32f10x_dbgmcu.c         0x00000000   Number         0  stm32f10x_dbgmcu.o ABSOLUTE
    Libraries\src\stm32f10x_dma.c            0x00000000   Number         0  stm32f10x_dma.o ABSOLUTE
    Libraries\src\stm32f10x_exti.c           0x00000000   Number         0  stm32f10x_exti.o ABSOLUTE
    Libraries\src\stm32f10x_flash.c          0x00000000   Number         0  stm32f10x_flash.o ABSOLUTE
    Libraries\src\stm32f10x_fsmc.c           0x00000000   Number         0  stm32f10x_fsmc.o ABSOLUTE
    Libraries\src\stm32f10x_gpio.c           0x00000000   Number         0  stm32f10x_gpio.o ABSOLUTE
    Libraries\src\stm32f10x_i2c.c            0x00000000   Number         0  stm32f10x_i2c.o ABSOLUTE
    Libraries\src\stm32f10x_iwdg.c           0x00000000   Number         0  stm32f10x_iwdg.o ABSOLUTE
    Libraries\src\stm32f10x_pwr.c            0x00000000   Number         0  stm32f10x_pwr.o ABSOLUTE
    Libraries\src\stm32f10x_rcc.c            0x00000000   Number         0  stm32f10x_rcc.o ABSOLUTE
    Libraries\src\stm32f10x_rtc.c            0x00000000   Number         0  stm32f10x_rtc.o ABSOLUTE
    Libraries\src\stm32f10x_sdio.c           0x00000000   Number         0  stm32f10x_sdio.o ABSOLUTE
    Libraries\src\stm32f10x_spi.c            0x00000000   Number         0  stm32f10x_spi.o ABSOLUTE
    Libraries\src\stm32f10x_tim.c            0x00000000   Number         0  stm32f10x_tim.o ABSOLUTE
    Libraries\src\stm32f10x_usart.c          0x00000000   Number         0  stm32f10x_usart.o ABSOLUTE
    Libraries\src\stm32f10x_wwdg.c           0x00000000   Number         0  stm32f10x_wwdg.o ABSOLUTE
    System\usart\usart.c                     0x00000000   Number         0  usart.o ABSOLUTE
    User\SysTick\bsp_SysTick.c               0x00000000   Number         0  bsp_systick.o ABSOLUTE
    User\\sys\\sys.c                         0x00000000   Number         0  sys.o ABSOLUTE
    User\main.c                              0x00000000   Number         0  main.o ABSOLUTE
    User\stm32f10x_it.c                      0x00000000   Number         0  stm32f10x_it.o ABSOLUTE
    User\sys\sys.c                           0x00000000   Number         0  sys.o ABSOLUTE
    User\system.c                            0x00000000   Number         0  system.o ABSOLUTE
    User\system_stm32f10x.c                  0x00000000   Number         0  system_stm32f10x.o ABSOLUTE
    dc.s                                     0x00000000   Number         0  dc.o ABSOLUTE
    handlers.s                               0x00000000   Number         0  handlers.o ABSOLUTE
    init.s                                   0x00000000   Number         0  init.o ABSOLUTE
    RESET                                    0x08000000   Section      236  startup_stm32f10x_md.o(RESET)
    .ARM.Collect$$$$00000000                 0x080000ec   Section        0  entry.o(.ARM.Collect$$$$00000000)
    .ARM.Collect$$$$00000001                 0x080000ec   Section        4  entry2.o(.ARM.Collect$$$$00000001)
    .ARM.Collect$$$$00000004                 0x080000f0   Section        4  entry5.o(.ARM.Collect$$$$00000004)
    .ARM.Collect$$$$00000008                 0x080000f4   Section        0  entry7b.o(.ARM.Collect$$$$00000008)
    .ARM.Collect$$$$0000000A                 0x080000f4   Section        0  entry8b.o(.ARM.Collect$$$$0000000A)
    .ARM.Collect$$$$0000000B                 0x080000f4   Section        8  entry9a.o(.ARM.Collect$$$$0000000B)
    .ARM.Collect$$$$0000000D                 0x080000fc   Section        0  entry10a.o(.ARM.Collect$$$$0000000D)
    .ARM.Collect$$$$0000000F                 0x080000fc   Section        0  entry11a.o(.ARM.Collect$$$$0000000F)
    .ARM.Collect$$$$00002712                 0x080000fc   Section        4  entry2.o(.ARM.Collect$$$$00002712)
    __lit__00000000                          0x080000fc   Data           4  entry2.o(.ARM.Collect$$$$00002712)
    .text                                    0x08000100   Section        0  main.o(.text)
    .text                                    0x08000122   Section        0  stm32f10x_it.o(.text)
    .text                                    0x08000134   Section        0  bsp_systick.o(.text)
    SysTick_Config                           0x08000135   Thumb Code    42  bsp_systick.o(.text)
    .text                                    0x080001cc   Section        0  system.o(.text)
    product_info_update                      0x0800024b   Thumb Code   140  system.o(.text)
    .text                                    0x0800044c   Section        0  bsp_motor.o(.text)
    .text                                    0x080005ac   Section        0  mcu_api.o(.text)
    .text                                    0x080009ec   Section        0  protocol.o(.text)
    .text                                    0x08000a9c   Section        0  bsp_motor0.o(.text)
    .text                                    0x08000bb4   Section       28  startup_stm32f10x_md.o(.text)
    .text                                    0x08000bd0   Section        0  usart.o(.text)
    .text                                    0x08000e30   Section        0  misc.o(.text)
    .text                                    0x08000ee0   Section        0  stm32f10x_gpio.o(.text)
    .text                                    0x08001144   Section        0  stm32f10x_rcc.o(.text)
    .text                                    0x080013fc   Section        0  stm32f10x_usart.o(.text)
    .text                                    0x08001724   Section       36  init.o(.text)
    i.__scatterload_copy                     0x08001748   Section       14  handlers.o(i.__scatterload_copy)
    i.__scatterload_null                     0x08001756   Section        2  handlers.o(i.__scatterload_null)
    i.__scatterload_zeroinit                 0x08001758   Section       14  handlers.o(i.__scatterload_zeroinit)
    .constdata                               0x08001766   Section       26  protocol.o(.constdata)
    .data                                    0x20000000   Section       20  system_stm32f10x.o(.data)
    .data                                    0x20000014   Section       12  system.o(.data)
    mcu_reset_state                          0x20000014   Data           1  system.o(.data)
    .data                                    0x20000020   Section        1  system.o(.data)
    .data                                    0x20000021   Section        8  bsp_motor.o(.data)
    .data                                    0x2000002a   Section        2  mcu_api.o(.data)
    rx_in                                    0x2000002a   Data           2  mcu_api.o(.data)
    .data                                    0x2000002c   Section        8  bsp_motor0.o(.data)
    .data                                    0x20000034   Section        2  usart.o(.data)
    .data                                    0x20000036   Section       20  stm32f10x_rcc.o(.data)
    ADCPrescTable                            0x20000036   Data           4  stm32f10x_rcc.o(.data)
    APBAHBPrescTable                         0x2000003a   Data          16  stm32f10x_rcc.o(.data)
    .bss                                     0x2000004c   Section      109  system.o(.bss)
    .bss                                     0x200000b9   Section      200  usart.o(.bss)
    STACK                                    0x20000188   Section      512  startup_stm32f10x_md.o(STACK)

    Global Symbols

    Symbol Name                              Value     Ov Type        Size  Object(Section)

    BuildAttributes$$THM_ISAv4$P$D$K$B$S$PE$A:L22UL41UL21$X:L11$S22US41US21$IEEE1$IW$USESV6$~STKCKD$USESV7$~SHL$OSPACE$EBA8$MICROLIB$REQ8$PRES8$EABIv2 0x00000000   Number         0  anon$$obj.o ABSOLUTE
    __ARM_use_no_argv                        0x00000000   Number         0  main.o ABSOLUTE
    __use_no_errno                           0x00000000   Number         0  useno.o ABSOLUTE
    __use_no_exception_handling              0x00000000   Number         0  useno.o ABSOLUTE
    __use_no_fp                              0x00000000   Number         0  useno.o ABSOLUTE
    __use_no_heap                            0x00000000   Number         0  useno.o ABSOLUTE
    __use_no_heap_region                     0x00000000   Number         0  useno.o ABSOLUTE
    __use_no_semihosting                     0x00000000   Number         0  useno.o ABSOLUTE
    __use_no_semihosting_swi                 0x00000000   Number         0  useno.o ABSOLUTE
    __use_no_signal_handling                 0x00000000   Number         0  useno.o ABSOLUTE
    __cpp_initialize__aeabi_                  - Undefined Weak Reference
    __cxa_finalize                            - Undefined Weak Reference
    __decompress                              - Undefined Weak Reference
    _clock_init                               - Undefined Weak Reference
    _microlib_exit                            - Undefined Weak Reference
    __Vectors_Size                           0x000000ec   Number         0  startup_stm32f10x_md.o ABSOLUTE
    __Vectors                                0x08000000   Data           4  startup_stm32f10x_md.o(RESET)
    __Vectors_End                            0x080000ec   Data           0  startup_stm32f10x_md.o(RESET)
    __main                                   0x080000ed   Thumb Code     0  entry.o(.ARM.Collect$$$$00000000)
    _main_stk                                0x080000ed   Thumb Code     0  entry2.o(.ARM.Collect$$$$00000001)
    _main_scatterload                        0x080000f1   Thumb Code     0  entry5.o(.ARM.Collect$$$$00000004)
    __main_after_scatterload                 0x080000f5   Thumb Code     0  entry5.o(.ARM.Collect$$$$00000004)
    _main_clock                              0x080000f5   Thumb Code     0  entry7b.o(.ARM.Collect$$$$00000008)
    _main_cpp_init                           0x080000f5   Thumb Code     0  entry8b.o(.ARM.Collect$$$$0000000A)
    _main_init                               0x080000f5   Thumb Code     0  entry9a.o(.ARM.Collect$$$$0000000B)
    __rt_final_cpp                           0x080000fd   Thumb Code     0  entry10a.o(.ARM.Collect$$$$0000000D)
    __rt_final_exit                          0x080000fd   Thumb Code     0  entry11a.o(.ARM.Collect$$$$0000000F)
    main                                     0x08000101   Thumb Code    34  main.o(.text)
    NMI_Handler                              0x08000123   Thumb Code     2  stm32f10x_it.o(.text)
    HardFault_Handler                        0x08000125   Thumb Code     2  stm32f10x_it.o(.text)
    MemManage_Handler                        0x08000127   Thumb Code     2  stm32f10x_it.o(.text)
    BusFault_Handler                         0x08000129   Thumb Code     2  stm32f10x_it.o(.text)
    UsageFault_Handler                       0x0800012b   Thumb Code     2  stm32f10x_it.o(.text)
    SVC_Handler                              0x0800012d   Thumb Code     2  stm32f10x_it.o(.text)
    DebugMon_Handler                         0x0800012f   Thumb Code     2  stm32f10x_it.o(.text)
    PendSV_Handler                           0x08000131   Thumb Code     2  stm32f10x_it.o(.text)
    SysTick_Handler                          0x08000133   Thumb Code     2  stm32f10x_it.o(.text)
    SysTick_Delay_Us                         0x0800015f   Thumb Code    48  bsp_systick.o(.text)
    SysTick_Delay_Ms                         0x0800018f   Thumb Code    50  bsp_systick.o(.text)
    set_wifi_uart_byte                       0x080001cd   Thumb Code    12  system.o(.text)
    set_wifi_uart_buffer                     0x080001d9   Thumb Code    22  system.o(.text)
    get_check_sum                            0x080001ef   Thumb Code    28  system.o(.text)
    wifi_uart_write_frame                    0x0800020b   Thumb Code    64  system.o(.text)
    data_handle                              0x080002d7   Thumb Code   254  system.o(.text)
    with_data_rxbuff                         0x080003d5   Thumb Code    18  system.o(.text)
    take_byte_rxbuff                         0x080003e7   Thumb Code    30  system.o(.text)
    Motor_GPIO_Config                        0x0800044d   Thumb Code    82  bsp_motor.o(.text)
    MotorStop                                0x0800049f   Thumb Code    22  bsp_motor.o(.text)
    MotorCW                                  0x080004b5   Thumb Code    68  bsp_motor.o(.text)
    MotorCCW                                 0x080004f9   Thumb Code    70  bsp_motor.o(.text)
    WarehouseGate                            0x0800053f   Thumb Code    48  bsp_motor.o(.text)
    QuickFeed                                0x0800056f   Thumb Code    50  bsp_motor.o(.text)
    hex_to_bcd                               0x080005ad   Thumb Code    74  mcu_api.o(.text)
    my_strlen                                0x080005f7   Thumb Code    22  mcu_api.o(.text)
    my_memset                                0x0800060d   Thumb Code    20  mcu_api.o(.text)
    my_memcpy                                0x08000621   Thumb Code    60  mcu_api.o(.text)
    my_strcpy                                0x0800065d   Thumb Code    32  mcu_api.o(.text)
    my_strcmp                                0x0800067d   Thumb Code    26  mcu_api.o(.text)
    int_to_byte                              0x08000697   Thumb Code    16  mcu_api.o(.text)
    byte_to_int                              0x080006a7   Thumb Code    22  mcu_api.o(.text)
    mcu_dp_raw_update                        0x080006bd   Thumb Code    64  mcu_api.o(.text)
    mcu_dp_bool_update                       0x080006fd   Thumb Code    66  mcu_api.o(.text)
    mcu_dp_value_update                      0x0800073f   Thumb Code    82  mcu_api.o(.text)
    mcu_dp_string_update                     0x08000791   Thumb Code    64  mcu_api.o(.text)
    mcu_dp_enum_update                       0x080007d1   Thumb Code    60  mcu_api.o(.text)
    mcu_dp_fault_update                      0x0800080d   Thumb Code   100  mcu_api.o(.text)
    mcu_get_dp_download_bool                 0x08000871   Thumb Code     4  mcu_api.o(.text)
    mcu_get_dp_download_enum                 0x08000875   Thumb Code     4  mcu_api.o(.text)
    mcu_get_dp_download_value                0x08000879   Thumb Code     2  mcu_api.o(.text)
    uart_receive_input                       0x0800087b   Thumb Code    46  mcu_api.o(.text)
    uart_receive_buff_input                  0x080008a9   Thumb Code    26  mcu_api.o(.text)
    wifi_uart_service                        0x080008c3   Thumb Code   162  mcu_api.o(.text)
    wifi_protocol_init                       0x08000965   Thumb Code    26  mcu_api.o(.text)
    mcu_get_reset_wifi_flag                  0x0800097f   Thumb Code     6  mcu_api.o(.text)
    mcu_reset_wifi                           0x08000985   Thumb Code    16  mcu_api.o(.text)
    mcu_get_wifimode_flag                    0x08000995   Thumb Code     6  mcu_api.o(.text)
    mcu_set_wifi_mode                        0x0800099b   Thumb Code    28  mcu_api.o(.text)
    mcu_get_wifi_work_state                  0x080009b7   Thumb Code     6  mcu_api.o(.text)
    mcu_start_wifitest                       0x080009bd   Thumb Code    10  mcu_api.o(.text)
    uart_transmit_output                     0x080009ed   Thumb Code     4  protocol.o(.text)
    all_data_update                          0x080009f1   Thumb Code     2  protocol.o(.text)
    dp_download_handle                       0x080009f3   Thumb Code   162  protocol.o(.text)
    get_download_cmd_total                   0x08000a95   Thumb Code     4  protocol.o(.text)
    wifi_test_result                         0x08000a99   Thumb Code     2  protocol.o(.text)
    Motor0_GPIO_Config                       0x08000a9d   Thumb Code    80  bsp_motor0.o(.text)
    Motor0Stop                               0x08000aed   Thumb Code    22  bsp_motor0.o(.text)
    Motor0CW                                 0x08000b03   Thumb Code    68  bsp_motor0.o(.text)
    Motor0CCW                                0x08000b47   Thumb Code    70  bsp_motor0.o(.text)
    FanBlade                                 0x08000b8d   Thumb Code    26  bsp_motor0.o(.text)
    Reset_Handler                            0x08000bb5   Thumb Code     4  startup_stm32f10x_md.o(.text)
    ADC1_2_IRQHandler                        0x08000bcb   Thumb Code     0  startup_stm32f10x_md.o(.text)
    CAN1_RX1_IRQHandler                      0x08000bcb   Thumb Code     0  startup_stm32f10x_md.o(.text)
    CAN1_SCE_IRQHandler                      0x08000bcb   Thumb Code     0  startup_stm32f10x_md.o(.text)
    DMA1_Channel1_IRQHandler                 0x08000bcb   Thumb Code     0  startup_stm32f10x_md.o(.text)
    DMA1_Channel2_IRQHandler                 0x08000bcb   Thumb Code     0  startup_stm32f10x_md.o(.text)
    DMA1_Channel3_IRQHandler                 0x08000bcb   Thumb Code     0  startup_stm32f10x_md.o(.text)
    DMA1_Channel4_IRQHandler                 0x08000bcb   Thumb Code     0  startup_stm32f10x_md.o(.text)
    DMA1_Channel5_IRQHandler                 0x08000bcb   Thumb Code     0  startup_stm32f10x_md.o(.text)
    DMA1_Channel6_IRQHandler                 0x08000bcb   Thumb Code     0  startup_stm32f10x_md.o(.text)
    DMA1_Channel7_IRQHandler                 0x08000bcb   Thumb Code     0  startup_stm32f10x_md.o(.text)
    EXTI0_IRQHandler                         0x08000bcb   Thumb Code     0  startup_stm32f10x_md.o(.text)
    EXTI15_10_IRQHandler                     0x08000bcb   Thumb Code     0  startup_stm32f10x_md.o(.text)
    EXTI1_IRQHandler                         0x08000bcb   Thumb Code     0  startup_stm32f10x_md.o(.text)
    EXTI2_IRQHandler                         0x08000bcb   Thumb Code     0  startup_stm32f10x_md.o(.text)
    EXTI3_IRQHandler                         0x08000bcb   Thumb Code     0  startup_stm32f10x_md.o(.text)
    EXTI4_IRQHandler                         0x08000bcb   Thumb Code     0  startup_stm32f10x_md.o(.text)
    EXTI9_5_IRQHandler                       0x08000bcb   Thumb Code     0  startup_stm32f10x_md.o(.text)
    FLASH_IRQHandler                         0x08000bcb   Thumb Code     0  startup_stm32f10x_md.o(.text)
    I2C1_ER_IRQHandler                       0x08000bcb   Thumb Code     0  startup_stm32f10x_md.o(.text)
    I2C1_EV_IRQHandler                       0x08000bcb   Thumb Code     0  startup_stm32f10x_md.o(.text)
    I2C2_ER_IRQHandler                       0x08000bcb   Thumb Code     0  startup_stm32f10x_md.o(.text)
    I2C2_EV_IRQHandler                       0x08000bcb   Thumb Code     0  startup_stm32f10x_md.o(.text)
    PVD_IRQHandler                           0x08000bcb   Thumb Code     0  startup_stm32f10x_md.o(.text)
    RCC_IRQHandler                           0x08000bcb   Thumb Code     0  startup_stm32f10x_md.o(.text)
    RTCAlarm_IRQHandler                      0x08000bcb   Thumb Code     0  startup_stm32f10x_md.o(.text)
    RTC_IRQHandler                           0x08000bcb   Thumb Code     0  startup_stm32f10x_md.o(.text)
    SPI1_IRQHandler                          0x08000bcb   Thumb Code     0  startup_stm32f10x_md.o(.text)
    SPI2_IRQHandler                          0x08000bcb   Thumb Code     0  startup_stm32f10x_md.o(.text)
    TAMPER_IRQHandler                        0x08000bcb   Thumb Code     0  startup_stm32f10x_md.o(.text)
    TIM1_BRK_IRQHandler                      0x08000bcb   Thumb Code     0  startup_stm32f10x_md.o(.text)
    TIM1_CC_IRQHandler                       0x08000bcb   Thumb Code     0  startup_stm32f10x_md.o(.text)
    TIM1_TRG_COM_IRQHandler                  0x08000bcb   Thumb Code     0  startup_stm32f10x_md.o(.text)
    TIM1_UP_IRQHandler                       0x08000bcb   Thumb Code     0  startup_stm32f10x_md.o(.text)
    TIM2_IRQHandler                          0x08000bcb   Thumb Code     0  startup_stm32f10x_md.o(.text)
    TIM3_IRQHandler                          0x08000bcb   Thumb Code     0  startup_stm32f10x_md.o(.text)
    TIM4_IRQHandler                          0x08000bcb   Thumb Code     0  startup_stm32f10x_md.o(.text)
    USART3_IRQHandler                        0x08000bcb   Thumb Code     0  startup_stm32f10x_md.o(.text)
    USBWakeUp_IRQHandler                     0x08000bcb   Thumb Code     0  startup_stm32f10x_md.o(.text)
    USB_HP_CAN1_TX_IRQHandler                0x08000bcb   Thumb Code     0  startup_stm32f10x_md.o(.text)
    USB_LP_CAN1_RX0_IRQHandler               0x08000bcb   Thumb Code     0  startup_stm32f10x_md.o(.text)
    WWDG_IRQHandler                          0x08000bcb   Thumb Code     0  startup_stm32f10x_md.o(.text)
    _sys_exit                                0x08000bd1   Thumb Code     2  usart.o(.text)
    fputc                                    0x08000bd3   Thumb Code    18  usart.o(.text)
    uart1_init                               0x08000be5   Thumb Code   116  usart.o(.text)
    uart2_init                               0x08000c59   Thumb Code   156  usart.o(.text)
    UART1SendByte                            0x08000cf5   Thumb Code    26  usart.o(.text)
    UART1GetByte                             0x08000d0f   Thumb Code    30  usart.o(.text)
    USART1_IRQHandler                        0x08000d2d   Thumb Code    88  usart.o(.text)
    UART2SendByte                            0x08000d85   Thumb Code    26  usart.o(.text)
    UART2GetByte                             0x08000d9f   Thumb Code    30  usart.o(.text)
    USART2_IRQHandler                        0x08000dbd   Thumb Code    28  usart.o(.text)
    UART1Test                                0x08000dd9   Thumb Code    34  usart.o(.text)
    UART2Test                                0x08000dfb   Thumb Code    34  usart.o(.text)
    NVIC_PriorityGroupConfig                 0x08000e31   Thumb Code    10  misc.o(.text)
    NVIC_Init                                0x08000e3b   Thumb Code    94  misc.o(.text)
    NVIC_SetVectorTable                      0x08000e99   Thumb Code    14  misc.o(.text)
    NVIC_SystemLPConfig                      0x08000ea7   Thumb Code    20  misc.o(.text)
    SysTick_CLKSourceConfig                  0x08000ebb   Thumb Code    24  misc.o(.text)
    GPIO_DeInit                              0x08000ee1   Thumb Code   152  stm32f10x_gpio.o(.text)
    GPIO_AFIODeInit                          0x08000f79   Thumb Code    22  stm32f10x_gpio.o(.text)
    GPIO_Init                                0x08000f8f   Thumb Code   156  stm32f10x_gpio.o(.text)
    GPIO_StructInit                          0x0800102b   Thumb Code    16  stm32f10x_gpio.o(.text)
    GPIO_ReadInputDataBit                    0x0800103b   Thumb Code    14  stm32f10x_gpio.o(.text)
    GPIO_ReadInputData                       0x08001049   Thumb Code     6  stm32f10x_gpio.o(.text)
    GPIO_ReadOutputDataBit                   0x0800104f   Thumb Code    14  stm32f10x_gpio.o(.text)
    GPIO_ReadOutputData                      0x0800105d   Thumb Code     6  stm32f10x_gpio.o(.text)
    GPIO_SetBits                             0x08001063   Thumb Code     4  stm32f10x_gpio.o(.text)
    GPIO_ResetBits                           0x08001067   Thumb Code     4  stm32f10x_gpio.o(.text)
    GPIO_WriteBit                            0x0800106b   Thumb Code    10  stm32f10x_gpio.o(.text)
    GPIO_Write                               0x08001075   Thumb Code     4  stm32f10x_gpio.o(.text)
    GPIO_PinLockConfig                       0x08001079   Thumb Code    16  stm32f10x_gpio.o(.text)
    GPIO_EventOutputConfig                   0x08001089   Thumb Code    22  stm32f10x_gpio.o(.text)
    GPIO_EventOutputCmd                      0x0800109f   Thumb Code     6  stm32f10x_gpio.o(.text)
    GPIO_PinRemapConfig                      0x080010a5   Thumb Code    82  stm32f10x_gpio.o(.text)
    GPIO_EXTILineConfig                      0x080010f7   Thumb Code    34  stm32f10x_gpio.o(.text)
    GPIO_ETH_MediaInterfaceConfig            0x08001119   Thumb Code     8  stm32f10x_gpio.o(.text)
    RCC_DeInit                               0x08001145   Thumb Code    50  stm32f10x_rcc.o(.text)
    RCC_HSEConfig                            0x08001177   Thumb Code    48  stm32f10x_rcc.o(.text)
    RCC_GetFlagStatus                        0x080011a7   Thumb Code    42  stm32f10x_rcc.o(.text)
    RCC_WaitForHSEStartUp                    0x080011d1   Thumb Code    44  stm32f10x_rcc.o(.text)
    RCC_AdjustHSICalibrationValue            0x080011fd   Thumb Code    16  stm32f10x_rcc.o(.text)
    RCC_HSICmd                               0x0800120d   Thumb Code     6  stm32f10x_rcc.o(.text)
    RCC_PLLConfig                            0x08001213   Thumb Code    16  stm32f10x_rcc.o(.text)
    RCC_PLLCmd                               0x08001223   Thumb Code     6  stm32f10x_rcc.o(.text)
    RCC_SYSCLKConfig                         0x08001229   Thumb Code    14  stm32f10x_rcc.o(.text)
    RCC_GetSYSCLKSource                      0x08001237   Thumb Code    10  stm32f10x_rcc.o(.text)
    RCC_HCLKConfig                           0x08001241   Thumb Code    14  stm32f10x_rcc.o(.text)
    RCC_PCLK1Config                          0x0800124f   Thumb Code    14  stm32f10x_rcc.o(.text)
    RCC_PCLK2Config                          0x0800125d   Thumb Code    16  stm32f10x_rcc.o(.text)
    RCC_ITConfig                             0x0800126d   Thumb Code    18  stm32f10x_rcc.o(.text)
    RCC_USBCLKConfig                         0x0800127f   Thumb Code     8  stm32f10x_rcc.o(.text)
    RCC_ADCCLKConfig                         0x08001287   Thumb Code    14  stm32f10x_rcc.o(.text)
    RCC_LSEConfig                            0x08001295   Thumb Code    28  stm32f10x_rcc.o(.text)
    RCC_LSICmd                               0x080012b1   Thumb Code     6  stm32f10x_rcc.o(.text)
    RCC_RTCCLKConfig                         0x080012b7   Thumb Code    10  stm32f10x_rcc.o(.text)
    RCC_RTCCLKCmd                            0x080012c1   Thumb Code     8  stm32f10x_rcc.o(.text)
    RCC_GetClocksFreq                        0x080012c9   Thumb Code   132  stm32f10x_rcc.o(.text)
    RCC_AHBPeriphClockCmd                    0x0800134d   Thumb Code    18  stm32f10x_rcc.o(.text)
    RCC_APB2PeriphClockCmd                   0x0800135f   Thumb Code    18  stm32f10x_rcc.o(.text)
    RCC_APB1PeriphClockCmd                   0x08001371   Thumb Code    18  stm32f10x_rcc.o(.text)
    RCC_APB2PeriphResetCmd                   0x08001383   Thumb Code    18  stm32f10x_rcc.o(.text)
    RCC_APB1PeriphResetCmd                   0x08001395   Thumb Code    18  stm32f10x_rcc.o(.text)
    RCC_BackupResetCmd                       0x080013a7   Thumb Code     8  stm32f10x_rcc.o(.text)
    RCC_ClockSecuritySystemCmd               0x080013af   Thumb Code     6  stm32f10x_rcc.o(.text)
    RCC_MCOConfig                            0x080013b5   Thumb Code     6  stm32f10x_rcc.o(.text)
    RCC_ClearFlag                            0x080013bb   Thumb Code    12  stm32f10x_rcc.o(.text)
    RCC_GetITStatus                          0x080013c7   Thumb Code    16  stm32f10x_rcc.o(.text)
    RCC_ClearITPendingBit                    0x080013d7   Thumb Code     6  stm32f10x_rcc.o(.text)
    USART_DeInit                             0x080013fd   Thumb Code    96  stm32f10x_usart.o(.text)
    USART_Init                               0x0800145d   Thumb Code   166  stm32f10x_usart.o(.text)
    USART_StructInit                         0x08001503   Thumb Code    22  stm32f10x_usart.o(.text)
    USART_ClockInit                          0x08001519   Thumb Code    30  stm32f10x_usart.o(.text)
    USART_ClockStructInit                    0x08001537   Thumb Code    12  stm32f10x_usart.o(.text)
    USART_Cmd                                0x08001543   Thumb Code    20  stm32f10x_usart.o(.text)
    USART_ITConfig                           0x08001557   Thumb Code    48  stm32f10x_usart.o(.text)
    USART_DMACmd                             0x08001587   Thumb Code    16  stm32f10x_usart.o(.text)
    USART_SetAddress                         0x08001597   Thumb Code    16  stm32f10x_usart.o(.text)
    USART_WakeUpConfig                       0x080015a7   Thumb Code    16  stm32f10x_usart.o(.text)
    USART_ReceiverWakeUpCmd                  0x080015b7   Thumb Code    20  stm32f10x_usart.o(.text)
    USART_LINBreakDetectLengthConfig         0x080015cb   Thumb Code    16  stm32f10x_usart.o(.text)
    USART_LINCmd                             0x080015db   Thumb Code    20  stm32f10x_usart.o(.text)
    USART_SendData                           0x080015ef   Thumb Code     8  stm32f10x_usart.o(.text)
    USART_ReceiveData                        0x080015f7   Thumb Code     8  stm32f10x_usart.o(.text)
    USART_SendBreak                          0x080015ff   Thumb Code    10  stm32f10x_usart.o(.text)
    USART_SetGuardTime                       0x08001609   Thumb Code    16  stm32f10x_usart.o(.text)
    USART_SetPrescaler                       0x08001619   Thumb Code    16  stm32f10x_usart.o(.text)
    USART_SmartCardCmd                       0x08001629   Thumb Code    20  stm32f10x_usart.o(.text)
    USART_SmartCardNACKCmd                   0x0800163d   Thumb Code    20  stm32f10x_usart.o(.text)
    USART_HalfDuplexCmd                      0x08001651   Thumb Code    20  stm32f10x_usart.o(.text)
    USART_OverSampling8Cmd                   0x08001665   Thumb Code    20  stm32f10x_usart.o(.text)
    USART_OneBitMethodCmd                    0x08001679   Thumb Code    20  stm32f10x_usart.o(.text)
    USART_IrDAConfig                         0x0800168d   Thumb Code    16  stm32f10x_usart.o(.text)
    USART_IrDACmd                            0x0800169d   Thumb Code    20  stm32f10x_usart.o(.text)
    USART_GetFlagStatus                      0x080016b1   Thumb Code    14  stm32f10x_usart.o(.text)
    USART_ClearFlag                          0x080016bf   Thumb Code     6  stm32f10x_usart.o(.text)
    USART_GetITStatus                        0x080016c5   Thumb Code    62  stm32f10x_usart.o(.text)
    USART_ClearITPendingBit                  0x08001703   Thumb Code    12  stm32f10x_usart.o(.text)
    __scatterload                            0x08001725   Thumb Code    28  init.o(.text)
    __scatterload_rt2                        0x08001725   Thumb Code     0  init.o(.text)
    __scatterload_copy                       0x08001749   Thumb Code    14  handlers.o(i.__scatterload_copy)
    __scatterload_null                       0x08001757   Thumb Code     2  handlers.o(i.__scatterload_null)
    __scatterload_zeroinit                   0x08001759   Thumb Code    14  handlers.o(i.__scatterload_zeroinit)
    download_cmd                             0x08001766   Data          26  protocol.o(.constdata)
    Region$$Table$$Base                      0x08001780   Number         0  anon$$obj.o(Region$$Table)
    Region$$Table$$Limit                     0x080017a0   Number         0  anon$$obj.o(Region$$Table)
    SystemCoreClock                          0x20000000   Data           4  system_stm32f10x.o(.data)
    AHBPrescTable                            0x20000004   Data          16  system_stm32f10x.o(.data)
    reset_wifi_flag                          0x20000015   Data           1  system.o(.data)
    set_wifimode_flag                        0x20000016   Data           1  system.o(.data)
    wifi_work_state                          0x20000017   Data           1  system.o(.data)
    rx_buf_in                                0x20000018   Data           4  system.o(.data)
    rx_buf_out                               0x2000001c   Data           4  system.o(.data)
    stop_update_flag                         0x20000020   Data           1  system.o(.data)
    phasecw                                  0x20000021   Data           4  bsp_motor.o(.data)
    phaseccw                                 0x20000025   Data           4  bsp_motor.o(.data)
    phase0cw                                 0x2000002c   Data           4  bsp_motor0.o(.data)
    phase0ccw                                0x20000030   Data           4  bsp_motor0.o(.data)
    USART_RX_STA                             0x20000034   Data           2  usart.o(.data)
    wifi_data_process_buf                    0x2000004c   Data          31  system.o(.bss)
    wifi_uart_rx_buf                         0x2000006b   Data          23  system.o(.bss)
    wifi_uart_tx_buf                         0x20000082   Data          55  system.o(.bss)
    USART_RX_BUF                             0x200000b9   Data         200  usart.o(.bss)
    __initial_sp                             0x20000388   Data           0  startup_stm32f10x_md.o(STACK)



==============================================================================

Memory Map of the image

  Image Entry point : 0x080000ed

  Load Region LR_IROM1 (Base: 0x08000000, Size: 0x000017ec, Max: 0x00010000, ABSOLUTE)

    Execution Region ER_IROM1 (Base: 0x08000000, Size: 0x000017a0, Max: 0x00010000, ABSOLUTE)

    Base Addr    Size         Type   Attr      Idx    E Section Name        Object

    0x08000000   0x000000ec   Data   RO          334    RESET               startup_stm32f10x_md.o
    0x080000ec   0x00000000   Code   RO          648  * .ARM.Collect$$$$00000000  mc_w.l(entry.o)
    0x080000ec   0x00000004   Code   RO          651    .ARM.Collect$$$$00000001  mc_w.l(entry2.o)
    0x080000f0   0x00000004   Code   RO          654    .ARM.Collect$$$$00000004  mc_w.l(entry5.o)
    0x080000f4   0x00000000   Code   RO          656    .ARM.Collect$$$$00000008  mc_w.l(entry7b.o)
    0x080000f4   0x00000000   Code   RO          658    .ARM.Collect$$$$0000000A  mc_w.l(entry8b.o)
    0x080000f4   0x00000008   Code   RO          659    .ARM.Collect$$$$0000000B  mc_w.l(entry9a.o)
    0x080000fc   0x00000000   Code   RO          661    .ARM.Collect$$$$0000000D  mc_w.l(entry10a.o)
    0x080000fc   0x00000000   Code   RO          663    .ARM.Collect$$$$0000000F  mc_w.l(entry11a.o)
    0x080000fc   0x00000004   Code   RO          652    .ARM.Collect$$$$00002712  mc_w.l(entry2.o)
    0x08000100   0x00000022   Code   RO            1    .text               main.o
    0x08000122   0x00000012   Code   RO          137    .text               stm32f10x_it.o
    0x08000134   0x00000098   Code   RO          190    .text               bsp_systick.o
    0x080001cc   0x00000280   Code   RO          209    .text               system.o
    0x0800044c   0x00000160   Code   RO          245    .text               bsp_motor.o
    0x080005ac   0x00000440   Code   RO          267    .text               mcu_api.o
    0x080009ec   0x000000ae   Code   RO          291    .text               protocol.o
    0x08000a9a   0x00000002   PAD
    0x08000a9c   0x00000118   Code   RO          306    .text               bsp_motor0.o
    0x08000bb4   0x0000001c   Code   RO          335    .text               startup_stm32f10x_md.o
    0x08000bd0   0x00000260   Code   RO          339    .text               usart.o
    0x08000e30   0x000000b0   Code   RO          367    .text               misc.o
    0x08000ee0   0x00000264   Code   RO          512    .text               stm32f10x_gpio.o
    0x08001144   0x000002b8   Code   RO          560    .text               stm32f10x_rcc.o
    0x080013fc   0x00000328   Code   RO          624    .text               stm32f10x_usart.o
    0x08001724   0x00000024   Code   RO          665    .text               mc_w.l(init.o)
    0x08001748   0x0000000e   Code   RO          669    i.__scatterload_copy  mc_w.l(handlers.o)
    0x08001756   0x00000002   Code   RO          670    i.__scatterload_null  mc_w.l(handlers.o)
    0x08001758   0x0000000e   Code   RO          671    i.__scatterload_zeroinit  mc_w.l(handlers.o)
    0x08001766   0x0000001a   Data   RO          292    .constdata          protocol.o
    0x08001780   0x00000020   Data   RO          667    Region$$Table       anon$$obj.o


    Execution Region RW_IRAM1 (Base: 0x20000000, Size: 0x00000388, Max: 0x00005000, ABSOLUTE)

    Base Addr    Size         Type   Attr      Idx    E Section Name        Object

    0x20000000   0x00000014   Data   RW          173    .data               system_stm32f10x.o
    0x20000014   0x0000000c   Data   RW          211    .data               system.o
    0x20000020   0x00000001   Data   RW          212    .data               system.o
    0x20000021   0x00000008   Data   RW          246    .data               bsp_motor.o
    0x20000029   0x00000001   PAD
    0x2000002a   0x00000002   Data   RW          268    .data               mcu_api.o
    0x2000002c   0x00000008   Data   RW          307    .data               bsp_motor0.o
    0x20000034   0x00000002   Data   RW          341    .data               usart.o
    0x20000036   0x00000014   Data   RW          561    .data               stm32f10x_rcc.o
    0x2000004a   0x00000002   PAD
    0x2000004c   0x0000006d   Zero   RW          210    .bss                system.o
    0x200000b9   0x000000c8   Zero   RW          340    .bss                usart.o
    0x20000181   0x00000007   PAD
    0x20000188   0x00000200   Zero   RW          332    STACK               startup_stm32f10x_md.o


==============================================================================

Image component sizes


      Code (inc. data)   RO Data    RW Data    ZI Data      Debug   Object Name

       352         12          0          8          0       2352   bsp_motor.o
       280         14          0          8          0       2047   bsp_motor0.o
       152         12          0          0          0      16355   bsp_systick.o
        34          0          0          0          0     233119   main.o
      1088         38          0          2          0       9260   mcu_api.o
       176         14          0          0          0       1897   misc.o
       174          0         26          0          0       3441   protocol.o
        28          4        236          0        512        788   startup_stm32f10x_md.o
       612         36          0          0          0       6025   stm32f10x_gpio.o
        18          0          0          0          0       1194   stm32f10x_it.o
       696         32          0         20          0       9008   stm32f10x_rcc.o
       808         22          0          0          0       8884   stm32f10x_usart.o
         0          0          0          0          0         32   sys.o
       640         88          0         13        109       6197   system.o
         0          0          0         20          0        744   system_stm32f10x.o
       608         20          0          2        200       5440   usart.o

    ----------------------------------------------------------------------
      5668        292        294         76        828     306783   Object Totals
         0          0         32          0          0          0   (incl. Generated)
         2          0          0          3          7          0   (incl. Padding)

    ----------------------------------------------------------------------

      Code (inc. data)   RO Data    RW Data    ZI Data      Debug   Library Member Name

         0          0          0          0          0          0   entry.o
         0          0          0          0          0          0   entry10a.o
         0          0          0          0          0          0   entry11a.o
         8          4          0          0          0          0   entry2.o
         4          0          0          0          0          0   entry5.o
         0          0          0          0          0          0   entry7b.o
         0          0          0          0          0          0   entry8b.o
         8          4          0          0          0          0   entry9a.o
        30          0          0          0          0          0   handlers.o
        36          8          0          0          0         68   init.o

    ----------------------------------------------------------------------
        86         16          0          0          0         68   Library Totals
         0          0          0          0          0          0   (incl. Padding)

    ----------------------------------------------------------------------

      Code (inc. data)   RO Data    RW Data    ZI Data      Debug   Library Name

        86         16          0          0          0         68   mc_w.l

    ----------------------------------------------------------------------
        86         16          0          0          0         68   Library Totals

    ----------------------------------------------------------------------

==============================================================================


      Code (inc. data)   RO Data    RW Data    ZI Data      Debug   

      5754        308        294         76        828     305235   Grand Totals
      5754        308        294         76        828     305235   ELF Image Totals
      5754        308        294         76          0          0   ROM Totals

==============================================================================

    Total RO  Size (Code + RO Data)                 6048 (   5.91kB)
    Total RW  Size (RW Data + ZI Data)               904 (   0.88kB)
    Total ROM Size (Code + RO Data + RW Data)       6124 (   5.98kB)

==============================================================================

